// Jest Snapshot v1, https://goo.gl/fbAQLP

exports[`test on GifGridItem should show GifGridItem correctly 1`] = `
<div
  className="col mb-4"
>
  <div
    className="card h-100 border-secondary animate__animated animate__fadeIn"
  >
    <img
      alt="a title"
      className="card-img-top"
      src="https://localhost/anything"
    />
    <div
      className="card-body"
    >
      <h4>
        a title
      </h4>
    </div>
  </div>
</div>
`;
